// Jest Snapshot v1, https://goo.gl/fbAQLP

exports[`should render Header 1`] = `
<header>
  <h1>
    Expensify
  </h1>
  <NavLink
    activeClassName="is-active"
    aria-current="page"
    exact={true}
    to="/dashboard"
  >
    Dashboard
  </NavLink>
  <NavLink
    activeClassName="is-active"
    aria-current="page"
    exact={true}
    to="/create"
  >
    Create expense
  </NavLink>
  <NavLink
    activeClassName="is-active"
    aria-current="page"
    exact={true}
    to="/edit"
  >
    Edit expense
  </NavLink>
  <NavLink
    activeClassName="is-active"
    aria-current="page"
    exact={true}
    to="/help"
  >
    Help
  </NavLink>
  <button
    onClick={[Function]}
  >
    Logout
  </button>
</header>
`;
